---
source: crates/nfctl-tui/tests/frames.rs
assertion_line: 314
expression: "frame(&panel, 70, 32)"
---
"┌ default/sharded ───────────────────────────────────────────────────┐"
"│phase Running   health healthy   desired Running   isb default   Pip│"
"│┌ flow ────────────────────────────────────────────────────────────┐│"
"││                                                                  ││"
"││                                                                  ││"
"││                                            ┌────────────2 more ▶ ││"
"││                                            │worker ×3  map │     ││"
"││                                        ┌──▶│900.0/s pend 36│─┐   ││"
"││┌───────────────┐     ┌───────────────┐ │   │shard-*        │ │   ││"
"│││in  source     │     │router  map    │─┘   └───────────────┘ │   ││"
"│││900.0/s pend 12│────▶│900.0/s pend 12│                       └── ││"
"│││               │     │               │─┐   ┌───────────────┐     ││"
"││└───────────────┘     └───────────────┘ │   │audit  sink    │     ││"
"││                                        └──▶│45.0/s pend 12 │     ││"
"││                                            │audit          │     ││"
"││                                            └───────────────┘     ││"
"││                                                                  ││"
"││                                                                  ││"
"│└──────────────────────────────────────────────────────────────────┘│"
"│┌ edges ───────────────────────────────────────────────────────────┐│"
"││EDGE                      TAGS        PENDING  USAGE    WATERMARK ││"
"││in -> router                          12       0%       -         ││"
"││router -> worker-0        shard-0     12       0%       -         ││"
"││router -> worker-1        shard-1     12       0%       -         ││"
"││router -> worker-2        shard-2     12       0%       -         ││"
"││worker-0 -> merge                     12       0%       -         ││"
"││worker-1 -> merge                     12       0%       -         ││"
"││worker-2 -> merge                     12       0%       -         ││"
"││merge -> out                          12       0%       -         ││"
"││router -> audit           audit       12       0%       -         ││"
"│└──────────────────────────────────────────────────────────────────┘│"
"└────────────────────────────────────────────────────────────────────┘"
