---
source: crates/nfctl-tui/tests/frames.rs
expression: "frame(&panel, 100, 12)"
---
"┌ monovertex default/mono ─────────────────────────────────────────────────────────────────────────┐"
"│phase Running   health healthy   desired Running   replicas 1/1   MonoVertex data flow is healthy │"
"│                                                                                                  │"
"│┌────────────────────────────────────────────────────────────────────────────────────────────────┐│"
"││MONOVERTEX  RATE/1m  RATE/5m  PENDING  READY                                                    ││"
"││mono        53840.0  58195.3  479      1/1                                                      ││"
"│└────────────────────────────────────────────────────────────────────────────────────────────────┘│"
"│                                                                                                  │"
"│                                                                                                  │"
"│                                                                                                  │"
"│                                                                                                  │"
"└──────────────────────────────────────────────────────────────────────────────────────────────────┘"
