---
source: crates/nfctl-tui/tests/frames.rs
assertion_line: 320
expression: bridged
---
"┌ default/routing ─────────────────────────────────────────────────────────────────────────────────────────────────────┐"
"│phase Running   health unknown   desired Running   isb default                                                        │"
"│┌ flow ──────────────────────────────────────────────────────────────────────────────────────────────────────────────┐│"
"││                                                                                                                    ││"
"││                                                           ┌──────────────────────┐                                 ││"
"││                                                           │b1  map               │                                 ││"
"││                                                       ┌──▶│-  pending -          │─┐                               ││"
"││                                                       │   │                      │ │                               ││"
"││                                                       │   └──────────────────────┘ │                               ││"
"││                                                       │                            │                               ││"
"││                              ┌──────────────────────┐ │   ┌──────────────────────┐ │                               ││"
"││                              │a  map                │ │   │b2  map               │ │                               ││"
"││                          ┌──▶│-  pending -          │─┼──▶│-  pending -          │─┤                               ││"
"││                          │   │                      │ │   │                      │ │   ┌──────────────────────┐    ││"
"││ ┌──────────────────────┐ │   └──────────────────────┘ │   └──────────────────────┘ │   │sink  sink            │    ││"
"││ │src  source           │ │                            │                            ├──▶│-  pending -          │    ││"
"││ │-  pending -          │─┤                            │   ┌──────────────────────┐ │   │                      │    ││"
"││ │                      │ │                            │   │b3  map               │ │   └──────────────────────┘    ││"
"││ └──────────────────────┘ │   ┌──────────────────────┐ └──▶│-  pending -          │─┤                               ││"
"││                          │   │p  map                │     │                      │ │                               ││"
"││                          └──▶│-  pending -          │─┐   └──────────────────────┘ │                               ││"
"││                              │                      │ │                            │                               ││"
"││                              └──────────────────────┘ └────────────────────────────┘                               ││"
"││                                                                                                                    ││"
"││                                                                                                                    ││"
"│└────────────────────────────────────────────────────────────────────────────────────────────────────────────────────┘│"
"│┌ edges ─────────────────────────────────────────────────────────────────────────────────────────────────────────────┐│"
"││EDGE                                                         TAGS                      PENDING  USAGE    WATERMARK  ││"
"││src -> a                                                                               -        -        -          ││"
"││src -> p                                                                               -        -        -          ││"
"││a -> b1                                                                                -        -        -          ││"
"││a -> b2                                                                                -        -        -          ││"
"││a -> b3                                                                                -        -        -          ││"
"││p -> sink                                                                              -        -        -          ││"
"││b1 -> sink                                                                             -        -        -          ││"
"││b2 -> sink                                                                             -        -        -          ││"
"││b3 -> sink                                                                             -        -        -          ││"
"│└────────────────────────────────────────────────────────────────────────────────────────────────────────────────────┘│"
"│warning: health: daemon: no health configured                                                                         │"
"└──────────────────────────────────────────────────────────────────────────────────────────────────────────────────────┘"
