---
source: crates/nfctl-tui/tests/frames.rs
expression: "frame(&panel, 120, 30)"
---
"┌ default/routing ─────────────────────────────────────────────────────────────────────────────────────────────────────┐"
"│phase Running   health unknown   desired Running   isb default                                                        │"
"│                                                                                                                      │"
"│┌────────────────┐     ┌────────────────┐     ┌────────────────┐     ┌────────────────┐     ┌────────────────┐        │"
"││src  source     │──┬─▶│shard  map      │──┬─▶│hot-0  map      │──┬─▶│cold  map       │──┬─▶│sink-a  sink    │        │"
"││-  pending -    │  │  │-  pending -    │  │  │-  pending -    │  │  │-  pending -    │  │  │-  pending -    │        │"
"│└────────────────┘  │  └────────────────┘  │  └────────────────┘  │  └────────────────┘  │  └────────────────┘        │"
"│                    │                      │  ┌────────────────┐  │                      │  ┌────────────────┐        │"
"│                    │                      ├─▶│hot-1  map      │──┘                      ├─▶│sink-b  sink    │        │"
"│                    │                      │  │-  pending -    │                         │  │-  pending -    │        │"
"│                    │                      │  └────────────────┘                         │  └────────────────┘        │"
"│                    │                      └─────────────────────────────────────────────┤                            │"
"│                    └────────────────────────────────────────────────────────────────────┘                            │"
"│EDGE             PENDING  USAGE    WATERMARK                                                                          │"
"│src -> shard     -        -        -                                                                                  │"
"│shard -> hot-0   -        -        -                                                                                  │"
"│shard -> hot-1   -        -        -                                                                                  │"
"│hot-0 -> cold    -        -        -                                                                                  │"
"│hot-1 -> cold    -        -        -                                                                                  │"
"│cold -> sink-a   -        -        -                                                                                  │"
"│cold -> sink-b   -        -        -                                                                                  │"
"│shard -> sink-b  -        -        -                                                                                  │"
"│cold -> shard    -        -        -                                                                                  │"
"│                                                                                                                      │"
"│                                                                                                                      │"
"│                                                                                                                      │"
"│                                                                                                                      │"
"│                                                                                                                      │"
"│warning: health: daemon: no health configured                                                                         │"
"└──────────────────────────────────────────────────────────────────────────────────────────────────────────────────────┘"
