---
source: crates/nfctl-tui/tests/frames.rs
expression: "frame(&panel, 110, 24)"
---
"┌ default/fanout ────────────────────────────────────────────────────────────────────────────────────────────┐"
"│phase Running   health warning   desired Running   isb default                                              │"
"│Buffer usage above the warning threshold on 1 edge                                                          │"
"│┌────────────────────┐   ┌────────────────────┐   ┌────────────────────┐                                    │"
"││in  source          │   │even-or-odd  map    │   │even-sink  sink     │                                    │"
"││120.0/s  pending 3  │──▶│120.0/s  pending 3  │──▶│120.0/s  pending 3  │                                    │"
"│└────────────────────┘   └────────────────────┘   └────────────────────┘                                    │"
"│                                                  ┌────────────────────┐                                    │"
"│                                                  │odd-sink  sink      │                                    │"
"│                                                  │120.0/s  pending 3  │                                    │"
"│                                                  └────────────────────┘                                    │"
"│                                                  ┌────────────────────┐                                    │"
"│                                                  │all-sink  sink      │                                    │"
"│                                                  │120.0/s  pending 3  │                                    │"
"│                                                  └────────────────────┘                                    │"
"│EDGE                           PENDING    USAGE           WATERMARK                                         │"
"│in -> even-or-odd              3          0%              -                                                 │"
"│even-or-odd -> even-sink       3          0%              -                                                 │"
"│even-or-odd -> odd-sink        3          0%              -                                                 │"
"│even-or-odd -> all-sink        3          0%              -                                                 │"
"│                                                                                                            │"
"│                                                                                                            │"
"│                                                                                                            │"
"└────────────────────────────────────────────────────────────────────────────────────────────────────────────┘"
