---
source: crates/nfctl-cli/tests/render.rs
expression: "out(&[\"ls\", \"-A\", \"-o\", \"wide\"]).await"
---
NAMESPACE  KIND        NAME             PHASE    VERTICES  AGE  DESIRED  SOURCES  SINKS  UDFS  REPLICAS  READY  ISB      MESSAGE
demo       MonoVertex  mono             Running  1         3d   Running  -        -      -     1         1      -
demo       Pipeline    paused-pipeline  Paused   3         3d   Running  1        1      1     -         -      default  waiting for buffers to drain
demo       Pipeline    simple-pipeline  Running  3         3d   Running  1        1      1     -         -      default
other      Pipeline    elsewhere        Failed   3         3d   Running  1        1      1     -         -      default
