---
source: crates/nfctl-cli/tests/render.rs
expression: "out(&[\"get\", \"simple-pipeline\"]).await"
---
KIND      NAME             PHASE    VERTICES  AGE  DESIRED  SOURCES  SINKS  UDFS  REPLICAS  READY  ISB      MESSAGE
Pipeline  simple-pipeline  Running  3         3d   Running  1        1      1     -         -      default
