---
source: crates/nfctl-cli/tests/render.rs
expression: "out(&[\"ls\"]).await"
---
NAMESPACE  NAME             PHASE    VERTICES  SOURCES  SINKS  UDFS  AGE
demo       paused-pipeline  Paused   3         1        1      1     3d
demo       simple-pipeline  Running  3         1        1      1     3d
other      elsewhere        Failed   3         1        1      1     3d
