---
source: crates/nfctl-graph/tests/render.rs
assertion_line: 137
expression: narrow
---
┌────────┐                         ┌────────┐
│ kafka… │─┐                    ┌─▶│ dlq    │
└────────┘ │  ┌────────┐        │  └────────┘    ┌────────┐   ┌────────┐
           ├─▶│ decode │─not ok─┘             ┌─▶│ windo… │──▶│ wareh… │
┌────────┐ │  │        │─ok─────┐  ┌────────┐ │  └────────┘   └────────┘
│ http-… │─┘  └────────┘        └─▶│ enrich │─┤
└────────┘                         └────────┘ │  ┌────────┐
                                       │ ▲    └─▶│ alerts │
                                       │ │       └────────┘
                                       │ │
                                       └─┘
