---
source: crates/nfctl-graph/tests/render.rs
assertion_line: 282
expression: out
---
                                                             ┌────────┐
                                                         ┌──▶│ node-3 │─dlq-target:alpha-forwarder-3400, dlq-target:alpha-forwarder-3401───┐   ┌────────┐
                                                         │   └────────┘                                                                  ┌╴│╶─▶│ node-5 │
                                                         │                                                                               │┌│╶─▶│        │
                                                         ├───────────────────────────────────────────────────────────────────────────────┘││   └────────┘
                                                         │                                                                                ││
              ┌────────┐                                 │   ┌────────┐                                                                   ││   ┌────────┐
           ┌─▶│ node-1 │─────────────────────────────────┴──▶│ node-6 │─dlq-target:alpha-forwarder-6500───────────────────────────────────┘└──▶│ node-4 │
           │  │        │─dlq-target:alpha-forwarder-1700─┐   │        │────────────────────────────────────────────────────────────────────┐┌─▶│        │
           │  └────────┘                                 │   └────────┘                                                                    ││  └────────┘
┌────────┐ │                                             │                                                                                 ││
│ node-0 │─┼────────────────────────────────────────────╴│╶───────────────────────────────────────────────────────────────────────────────╴│┘  ┌────────┐
└────────┘ │                                             │                                                                                 └──▶│ node-7 │
           │                                             │┌───────────────────────────────────────────────────────────────────────────────────▶│        │
           │                                             ││                                                                                 ┌─▶│        │
           │  ┌────────┐                                 └│╶────────────────────────────────────────────────────────────────────────────────┘  └────────┘
           └─▶│ node-2 │─dlq-target:alpha-forwarder-2700──┘
              └────────┘
